../Core/Src/main.c:108:5:main	8	static
../Core/Src/main.c:181:7:HandleCmd	32	static
../Core/Src/main.c:257:7:nullstr	24	static
../Core/Src/main.c:262:7:nullint8	24	static
../Core/Src/main.c:268:7:Output	280	static
../Core/Src/main.c:298:8:getVref	56	static
../Core/Src/main.c:343:12:getVrefCalData	24	static
../Core/Src/main.c:349:8:Measure	88	static
../Core/Src/main.c:523:10:containsChar	24	static
../Core/Src/main.c:531:10:containsStr	24	static
../Core/Src/main.c:539:7:SendStrToUSB	4112	static
../Core/Src/main.c:547:14:MX_USB_OTG_FS_Init	8	static
../Core/Src/main.c:583:6:SystemClock_Config	88	static
../Core/Src/main.c:631:13:MX_ADC1_Init	56	static
../Core/Src/main.c:699:13:MX_ADC2_Init	40	static
../Core/Src/main.c:758:13:MX_RTC_Init	8	static
../Core/Src/main.c:802:13:MX_GPIO_Init	40	static
../Core/Src/main.c:876:6:Error_Handler	4	static,ignoring_inline_asm
