../Core/Src/main.c:114:5:main	16	static
../Core/Src/main.c:203:10:ReadInputs	24	static
../Core/Src/main.c:311:8:HandleCmd	120	static
../Core/Src/main.c:441:6:PWM	16	static
../Core/Src/main.c:456:6:nullstr	24	static
../Core/Src/main.c:461:6:nullint8	24	static
../Core/Src/main.c:467:6:Output	280	static
../Core/Src/main.c:497:7:getVref	56	static
../Core/Src/main.c:539:21:getVrefCalData	24	static
../Core/Src/main.c:548:7:Measure	88	static
../Core/Src/main.c:719:9:containsChar	24	static
../Core/Src/main.c:727:9:containsStr	24	static
../Core/Src/main.c:735:6:SendStrToUSB	4112	static
../Core/Src/main.c:749:13:MX_USB_OTG_FS_Init	8	static
../Core/Src/main.c:781:6:SystemClock_Config	88	static
../Core/Src/main.c:831:13:MX_ADC1_Init	56	static
../Core/Src/main.c:899:13:MX_ADC2_Init	40	static
../Core/Src/main.c:958:13:MX_RTC_Init	8	static
../Core/Src/main.c:1002:13:MX_TIM3_Init	64	static
../Core/Src/main.c:1061:13:MX_GPIO_Init	40	static
../Core/Src/main.c:1135:6:Error_Handler	4	static,ignoring_inline_asm
