../Core/Src/main.c:114:5:main	16	static
../Core/Src/main.c:199:10:ReadInputs	24	static
../Core/Src/main.c:307:8:HandleCmd	104	static
../Core/Src/main.c:413:6:PWM	48	static
../Core/Src/main.c:425:6:nullstr	24	static
../Core/Src/main.c:430:6:nullint8	24	static
../Core/Src/main.c:436:6:Output	280	static
../Core/Src/main.c:466:7:getVref	56	static
../Core/Src/main.c:508:21:getVrefCalData	24	static
../Core/Src/main.c:517:7:Measure	88	static
../Core/Src/main.c:688:9:containsChar	24	static
../Core/Src/main.c:696:9:containsStr	24	static
../Core/Src/main.c:704:6:SendStrToUSB	4112	static
../Core/Src/main.c:712:13:MX_USB_OTG_FS_Init	8	static
../Core/Src/main.c:744:6:SystemClock_Config	88	static
../Core/Src/main.c:794:13:MX_ADC1_Init	56	static
../Core/Src/main.c:862:13:MX_ADC2_Init	40	static
../Core/Src/main.c:921:13:MX_RTC_Init	8	static
../Core/Src/main.c:965:13:MX_TIM3_Init	64	static
../Core/Src/main.c:1024:13:MX_GPIO_Init	40	static
../Core/Src/main.c:1098:6:Error_Handler	4	static,ignoring_inline_asm
